main\java\com\goxr3plus\xr3capture\controllers\CaptureWindowController$2.class
main\java\com\goxr3plus\xr3capture\controllers\MainWindowController.class
main\java\com\goxr3plus\xr3capture\controllers\CaptureWindowModel.class
main\java\com\goxr3plus\xr3capture\database\DataBaseController.class
main\java\com\goxr3plus\xr3capture\controllers\CaptureWindowController.class
main\java\com\goxr3plus\xr3capture\controllers\SettingsWindowController.class
main\java\com\goxr3plus\xr3capture\application\VisualizarImagenes.class
main\java\com\goxr3plus\xr3capture\controllers\MainWindowController$2.class
main\java\com\goxr3plus\xr3capture\controllers\MainWindowController$1.class
main\java\com\goxr3plus\xr3capture\model\rest\models\ValidatingRequest.class
main\java\com\goxr3plus\xr3capture\tools\SFileChooser.class
main\java\com\goxr3plus\xr3capture\application\ImageBase64.class
main\java\com\goxr3plus\xr3capture\controllers\CaptureWindowController$CaptureService.class
main\java\com\goxr3plus\xr3capture\controllers\CaptureWindowController$CaptureService$1.class
main\java\com\goxr3plus\xr3capture\tools\ActionTool$1.class
main\java\com\goxr3plus\xr3capture\database\DataBaseConection.class
main\java\com\goxr3plus\xr3capture\application\CaptureWindow.class
main\java\com\goxr3plus\xr3capture\model\rest\models\ValidatingResponse.class
main\java\com\goxr3plus\xr3capture\application\Main.class
main\java\com\goxr3plus\xr3capture\controllers\CaptureWindowController$1.class
main\java\com\goxr3plus\xr3capture\tools\NotificationType.class
main\java\com\goxr3plus\xr3capture\model\rest\models\CallDocumentsRequest.class
main\java\com\goxr3plus\xr3capture\model\rest\models\CallDocumentsResponse.class
main\java\com\goxr3plus\xr3capture\model\rest\RESTClient.class
main\java\com\goxr3plus\xr3capture\tools\ActionTool.class
main\java\com\goxr3plus\xr3capture\tools\InfoTool.class
