C:\repositorios\screenshot\src\main\java\com\goxr3plus\xr3capture\controllers\CaptureWindowModel.java
C:\repositorios\screenshot\src\main\java\com\goxr3plus\xr3capture\model\rest\models\ValidatingRequest.java
C:\repositorios\screenshot\src\main\java\com\goxr3plus\xr3capture\model\rest\RESTClient.java
C:\repositorios\screenshot\src\main\java\com\goxr3plus\xr3capture\controllers\CaptureWindowController.java
C:\repositorios\screenshot\src\main\java\com\goxr3plus\xr3capture\database\DataBaseConection.java
C:\repositorios\screenshot\src\main\java\com\goxr3plus\xr3capture\model\rest\models\CallDocumentsResponse.java
C:\repositorios\screenshot\src\main\java\com\goxr3plus\xr3capture\application\Main.java
C:\repositorios\screenshot\src\main\java\com\goxr3plus\xr3capture\tools\ActionTool.java
C:\repositorios\screenshot\src\main\java\com\goxr3plus\xr3capture\tools\SFileChooser.java
C:\repositorios\screenshot\src\main\java\com\goxr3plus\xr3capture\tools\NotificationType.java
C:\repositorios\screenshot\src\main\java\com\goxr3plus\xr3capture\controllers\SettingsWindowController.java
C:\repositorios\screenshot\src\main\java\com\goxr3plus\xr3capture\application\VisualizarImagenes.java
C:\repositorios\screenshot\src\main\java\com\goxr3plus\xr3capture\model\rest\models\CallDocumentsRequest.java
C:\repositorios\screenshot\src\main\java\com\goxr3plus\xr3capture\tools\InfoTool.java
C:\repositorios\screenshot\src\main\java\com\goxr3plus\xr3capture\database\DataBaseController.java
C:\repositorios\screenshot\src\main\java\com\goxr3plus\xr3capture\controllers\MainWindowController.java
C:\repositorios\screenshot\src\main\java\com\goxr3plus\xr3capture\model\rest\models\ValidatingResponse.java
C:\repositorios\screenshot\src\main\java\com\goxr3plus\xr3capture\application\CaptureWindow.java
C:\repositorios\screenshot\src\main\java\com\goxr3plus\xr3capture\application\ImageBase64.java
